../X-CUBE-NFC6/Target/ndef_demo.c:194:13:checkUserButton	8	static
../X-CUBE-NFC6/Target/ndef_demo.c:222:13:ndefShowDemoUsage	16	static
../X-CUBE-NFC6/Target/ndef_demo.c:246:6:demoIni	24	static
../X-CUBE-NFC6/Target/ndef_demo.c:353:6:demoCycle	112	static
../X-CUBE-NFC6/Target/ndef_demo.c:628:6:demoP2P	184	static
../X-CUBE-NFC6/Target/ndef_demo.c:725:12:demoTransceiveBlocking	40	static
../X-CUBE-NFC6/Target/ndef_demo.c:741:13:demoNdef	456	static
../X-CUBE-NFC6/Target/ndef_demo.c:958:13:ndefT2TCCDump	56	static
../X-CUBE-NFC6/Target/ndef_demo.c:971:13:ndefT3TAIBDump	64	static
../X-CUBE-NFC6/Target/ndef_demo.c:983:13:ndefT4TCCDump	64	static
../X-CUBE-NFC6/Target/ndef_demo.c:995:13:ndefT5TCCDump	64	static
../X-CUBE-NFC6/Target/ndef_demo.c:1010:13:ndefCCDump	16	static
../X-CUBE-NFC6/Target/ndef_demo.c:1045:13:ndefDumpSysInfo	24	static
../X-CUBE-NFC6/Target/ndef_demo.c:1108:13:ndefIsSTTag	24	static
../X-CUBE-NFC6/Target/ndef_demo.c:1148:13:LedNotificationWriteDone	16	static
../X-CUBE-NFC6/Target/ndef_demo.c:1163:13:ledsOn	8	static
../X-CUBE-NFC6/Target/ndef_demo.c:1173:13:ledsOff	8	static
